[backblue.gif]
[fade.gif]
[index.html]
[runecom22.runtime.vn/Scripts/bootstrap/css/bootstrap.min.css]
[runecom22.runtime.vn/App_Themes/Home/common.css]
[runecom22.runtime.vn/App_Themes/Home/animate.css]
[runecom22.runtime.vn/Scripts/jQuery-ui/jquery-ui.min.css]
[runecom22.runtime.vn/Scripts/jQuery/jquery-2.1.4.min.js]
[runecom22.runtime.vn/Scripts/jQuery/jquery-migrate-1.2.1.min.js]
[runecom22.runtime.vn/Scripts/bootstrap/js/bootstrap.min.js]
[runecom22.runtime.vn/Scripts/jQuery-ui/jquery-ui.min.js]
[runecom22.runtime.vn/Scripts/common/fix-height.js]
[runecom22.runtime.vn/Scripts/common/jquery.cookie.js]
[runecom22.runtime.vn/Scripts/common/mycard.js]
[runecom22.runtime.vn/Scripts/lazyLoad/jquery.lazyload.min.js]
[connect.facebook.net/en_US/sdk.js]
[runecom22.runtime.vn/Uploads/shop139/images/Product/logo.png]
[runecom22.runtime.vn/Uploads/shop139/images/Product/131767_0_fashion_1.jpg]
[runecom22.runtime.vn/Uploads/shop139/images/Product/126236_fashion.jpg]
[runecom22.runtime.vn/Uploads/shop139/images/Product/124743_0_fashion_1.jpg]
[runecom22.runtime.vn/Uploads/shop139/images/Product/131880_fashion_new.jpg]
[runecom22.runtime.vn/Uploads/shop139/images/Product/129725_0_fashion_1.jpg]
[runecom22.runtime.vn/Uploads/shop139/images/Product/130155_fashion.jpg]
[runecom22.runtime.vn/Uploads/shop139/images/Product/131536_fashion.jpg]
[runecom22.runtime.vn/Uploads/shop139/images/Product/130948_0_fashion_1.jpg]
[runecom22.runtime.vn/Uploads/shop139/images/Product/fashion_new__131529.jpg]
[runecom22.runtime.vn/Uploads/shop139/images/Product/131305_0_fashion_1.jpg]
[runecom22.runtime.vn/Uploads/shop139/images/Product/131736_fashion.jpg]
[runecom22.runtime.vn/Uploads/shop139/images/Product/120019_fashion.jpg]
[runecom22.runtime.vn/Images/ajax-loader-main.gif]
[runecom22.runtime.vn/index.html]
[runecom22.runtime.vn/Scripts/bootstrap/fonts/glyphicons-halflings-regular.eot]
[runecom22.runtime.vn/Scripts/bootstrap/fonts/glyphicons-halflings-regulard41d.eot]
[runecom22.runtime.vn/Scripts/bootstrap/fonts/glyphicons-halflings-regular.woff2]
[runecom22.runtime.vn/Scripts/bootstrap/fonts/glyphicons-halflings-regular.woff]
[runecom22.runtime.vn/Scripts/bootstrap/fonts/glyphicons-halflings-regular.ttf]
[runecom22.runtime.vn/Scripts/bootstrap/css/bootstrap.min.css]
[runecom22.runtime.vn/App_Themes/Home/fonts/fontawesome-webfont5b62.eot]
[runecom22.runtime.vn/App_Themes/Home/fonts/fontawesome-webfontd41d.eot]
[runecom22.runtime.vn/App_Themes/Home/fonts/fontawesome-webfont5b62.woff2]
[runecom22.runtime.vn/App_Themes/Home/fonts/fontawesome-webfont5b62.woff]
[runecom22.runtime.vn/App_Themes/Home/fonts/fontawesome-webfont5b62.ttf]
[runecom22.runtime.vn/App_Themes/Home/font-awesome.min.css]
[runecom22.runtime.vn/App_Themes/Home/fonts/UVNMuaThu.ttf]
[runecom22.runtime.vn/App_Themes/Home/fonts/iCielBambola.ttf]
[runecom22.runtime.vn/App_Themes/Home/fonts/Roboto-Regular.ttf]
[runecom22.runtime.vn/App_Themes/Home/fonts/OpenSans-Regular.ttf]
[runecom22.runtime.vn/App_Themes/Home/fonts/UVNBaiSau.ttf]
[runecom22.runtime.vn/App_Themes/Home/fonts/UVNBaiSau_R.ttf]
[runecom22.runtime.vn/App_Themes/Home/fonts/cour.ttf]
[runecom22.runtime.vn/App_Themes/Home/fonts/courbd.ttf]
[runecom22.runtime.vn/App_Themes/Home/fonts/couri.ttf]
[runecom22.runtime.vn/App_Themes/Home/fonts/courbi.ttf]
[runecom22.runtime.vn/App_Themes/Home/fonts/VUNIVER.TTF]
[runecom22.runtime.vn/App_Themes/Home/fonts/avantg.ttf]
[runecom22.runtime.vn/App_Themes/Home/fonts/Vntfap01.ttf]
[runecom22.runtime.vn/App_Themes/Home/fonts/vnithufap.ttf]
[runecom22.runtime.vn/App_Themes/Home/fonts/UVNHuongQue_R.TTF]
[runecom22.runtime.vn/App_Themes/Home/fonts/HL-thufap1-Unicode.ttf]
[runecom22.runtime.vn/App_Themes/Home/common.css]
[runecom22.runtime.vn/App_Themes/Home/animate.css]
[runecom22.runtime.vn/Scripts/jQuery-ui/images/ui-bg_highlight-soft_100_eeeeee_1x100.png]
[runecom22.runtime.vn/Scripts/jQuery-ui/images/ui-bg_gloss-wave_35_f6a828_500x100.png]
[runecom22.runtime.vn/Scripts/jQuery-ui/images/ui-bg_glass_100_f6f6f6_1x400.png]
[runecom22.runtime.vn/Scripts/jQuery-ui/images/ui-bg_glass_100_fdf5ce_1x400.png]
[runecom22.runtime.vn/Scripts/jQuery-ui/images/ui-bg_glass_65_ffffff_1x400.png]
[runecom22.runtime.vn/Scripts/jQuery-ui/images/ui-bg_highlight-soft_75_ffe45c_1x100.png]
[runecom22.runtime.vn/Scripts/jQuery-ui/images/ui-bg_diagonals-thick_18_b81900_40x40.png]
[runecom22.runtime.vn/Scripts/jQuery-ui/images/ui-icons_222222_256x240.png]
[runecom22.runtime.vn/Scripts/jQuery-ui/images/ui-icons_ffffff_256x240.png]
[runecom22.runtime.vn/Scripts/jQuery-ui/images/ui-icons_ef8c08_256x240.png]
[runecom22.runtime.vn/Scripts/jQuery-ui/images/ui-icons_228ef1_256x240.png]
[runecom22.runtime.vn/Scripts/jQuery-ui/images/ui-icons_ffd27a_256x240.png]
[runecom22.runtime.vn/Scripts/jQuery-ui/images/ui-bg_diagonals-thick_20_666666_40x40.png]
[runecom22.runtime.vn/Scripts/jQuery-ui/images/ui-bg_flat_10_000000_40x100.png]
[runecom22.runtime.vn/Scripts/jQuery-ui/jquery-ui.min.css]
[runecom22.runtime.vn/Scripts/jQuery/jquery-2.1.4.min.js]
[runecom22.runtime.vn/Scripts/jQuery/jquery-migrate-1.2.1.min.js]
[runecom22.runtime.vn/Scripts/bootstrap/js/bootstrap.min.js]
[runecom22.runtime.vn/Scripts/jQuery-ui/jquery-ui.min.js]
[runecom22.runtime.vn/Scripts/common/fix-height.js]
[runecom22.runtime.vn/Scripts/common/common.js]
[runecom22.runtime.vn/Scripts/common/jquery.cookie.js]
[runecom22.runtime.vn/Scripts/common/mycard.js]
[runecom22.runtime.vn/Scripts/lazyLoad/jquery.lazyload.min.js]
[runecom22.runtime.vn/Scripts/angularJS/angular.min.js]
[runecom22.runtime.vn/Scripts/angularJS/angular-sanitize.min.js]
[runecom22.runtime.vn/Scripts/angular-loading-spinner/spin.min.js]
[runecom22.runtime.vn/Scripts/angular-loading-spinner/angular-spinner.min.js]
[runecom22.runtime.vn/Scripts/angular-loading-spinner/angular-loading-spinner.js]
[runecom22.runtime.vn/app/appMain.js]
[runecom22.runtime.vn/app/directives/directive.js]
[runecom22.runtime.vn/app/directives/angular-summernote.js]
[runecom22.runtime.vn/app/directives/paging.js]
[runecom22.runtime.vn/app/services/ajaxServices.js]
[runecom22.runtime.vn/app/services/alertsServices.js]
[static.runtime.vn/App_Themes/RUN022/Images/linedot-title.png]
[static.runtime.vn/App_Themes/RUN022/Images/bkg_rating_hover.png]
[static.runtime.vn/App_Themes/RUN022/Images/cart_icon.png]
[static.runtime.vn/App_Themes/RUN022/Images/wishlist_icon.png]
[static.runtime.vn/App_Themes/RUN022/Images/compare_icon.png]
[static.runtime.vn/App_Themes/RUN022/Images/select-pro.png]
[static.runtime.vn/App_Themes/RUN022/style.css]
[static.runtime.vn/App_Themes/RUN022/responsive.css]
[connect.facebook.net/en_US/sdk.js]
[runecom22.runtime.vn/Scripts/common/login.js]
[runecom22.runtime.vn/kiem-tra-don-hang.html]
[runecom22.runtime.vn/gio-hang.html]
[runecom22.runtime.vn/dang-nhap.html]
[runecom22.runtime.vn/dang-ky.html]
[www.skypeassets.com/i/scom/images/skype-buttons/chatbutton_32px.png]
[runecom22.runtime.vn/Images/icon-viber.png]
[runecom22.runtime.vn/Images/icon-zalo.png]
[runecom22.runtime.vn/Images/icon-facebook.png]
[runecom22.runtime.vn/tim-kiem7c8e.html]
[runecom22.runtime.vn/trang-chu.html]
[runecom22.runtime.vn/gioi-thieu.html]
[runecom22.runtime.vn/san-pham.html]
[runecom22.runtime.vn/Uploads/shop139/images/Product/nhung-phong-cach-dinh-chat-vao-sao-viet-1427861847_180x108.jpg]
[runecom22.runtime.vn/Uploads/shop139/images/Product/3-cach-mac-vay-duoc-lang-xe-manh-he-2015-1427882991_180x108.jpg]
[runecom22.runtime.vn/Uploads/shop139/images/Product/minh-hang-khoe-vong-mot-goiwjc-am-1427944534_180x108.jpg]
[runecom22.runtime.vn/Uploads/shop139/images/Product/MG-2204-1427902264_180x108.jpg]
[runecom22.runtime.vn/Uploads/shop139/images/Product/t-1428032524_490x294.jpg]
[runecom22.runtime.vn/tin-tuc.html]
[runecom22.runtime.vn/lien-he.html]
[runecom22.runtime.vn/app/services/moduleServices.js]
[runecom22.runtime.vn/app/controllers/moduleController.js]
[runecom22.runtime.vn/Scripts/flexSlider/fonts/flexslider-icon.eot]
[runecom22.runtime.vn/Scripts/flexSlider/fonts/flexslider-icond41d.eot]
[runecom22.runtime.vn/Scripts/flexSlider/fonts/flexslider-icon.woff]
[runecom22.runtime.vn/Scripts/flexSlider/fonts/flexslider-icon.ttf]
[runecom22.runtime.vn/Scripts/flexSlider/Images/bg_direction_nav.png]
[runecom22.runtime.vn/Scripts/flexSlider/flexslider.css]
[runecom22.runtime.vn/Scripts/flexSlider/jquery.flexslider-min.js]
[runecom22.runtime.vn/{{item.html]
[runecom22.runtime.vn/Scripts/owl-carousel/owl.carousel.css]
[runecom22.runtime.vn/Scripts/owl-carousel/owl.theme.css]
[runecom22.runtime.vn/Scripts/owl-carousel/owl.carousel.min.js]
[runecom22.runtime.vn/Images/icon-link-more.jpg]
[runecom22.runtime.vn/Images/sp-loading.gif]
[runecom22.runtime.vn/san-pham/ao-cong-so-tay-bup-sang-trong.html]
[runecom22.runtime.vn/san-pham/ao-so-mi-nu-cong-so.html]
[runecom22.runtime.vn/san-pham/ao-voan-caro-canh-doi.html]
[runecom22.runtime.vn/san-pham/combo-2-ao-yem-xuan-he.html]
[runecom22.runtime.vn/san-pham/bo-the-thao-co-gian-tot-summer-hot.html]
[runecom22.runtime.vn/san-pham/combo-2-ao-thun-nu-sac-mau-he.html]
[runecom22.runtime.vn/san-pham/quan-jeans-xuat-khau-tre-trung-28013-1.html]
[runecom22.runtime.vn/san-pham/quan-legging-phoi-chan-vay-day-keo.html]
[runecom22.runtime.vn/san-pham/quan-jeans-lung-nang-dong.html]
[runecom22.runtime.vn/san-pham/dam-theu-hoa-thanh-lich.html]
[runecom22.runtime.vn/san-pham/dam-co-lo-vintage-bst-he.html]
[runecom22.runtime.vn/san-pham/dam-co-tru-giot-nuoc.html]
[runecom22.runtime.vn/index2679.html]
[runecom22.runtime.vn/Uploads/shop139/images/Product/114244_fashion.jpg]
[runecom22.runtime.vn/Uploads/shop139/images/Product/126919_0_fashion_1.jpg]
[runecom22.runtime.vn/Uploads/shop139/images/Product/129712_0_fashion_1.jpg]
[runecom22.runtime.vn/Uploads/shop139/images/Product/ao-so-mi-zara-slim-fit-zsm651-xanh-0854-956379-1-catalog_3_2.jpg]
[runecom22.runtime.vn/Uploads/shop139/images/Product/so-mi-nam-dai-tay-techbox-xanh-phoi-soc-1476-823062-1-catalog_3_2.jpg]
[runecom22.runtime.vn/Uploads/shop139/images/Product/ao-so-mi-celio-emabaton-xanh-en-3615-279041-1-catalog_3_2.jpg]
[runecom22.runtime.vn/Uploads/shop139/images/Product/130516_fashion_new.jpg]
[runecom22.runtime.vn/Uploads/shop139/images/Product/131866_fashion.jpg]
[runecom22.runtime.vn/Uploads/shop139/images/Product/130887_fashion.jpg]
[runecom22.runtime.vn/Uploads/shop139/images/Product/115600_fashion.jpg]
[runecom22.runtime.vn/Uploads/shop139/images/Product/125912_fashion_.jpg]
[runecom22.runtime.vn/Uploads/shop139/images/Product/125939_fashion.jpg]
[runecom22.runtime.vn/index4658.html]
[runecom22.runtime.vn/Uploads/shop139/images/Product/127502_0_square_1.jpg]
[runecom22.runtime.vn/Uploads/shop139/images/Product/134352_square.jpg]
[runecom22.runtime.vn/Uploads/shop139/images/Product/134667_0_square_1.jpg]
[runecom22.runtime.vn/Uploads/shop139/images/Product/134165_square.jpg]
[runecom22.runtime.vn/Uploads/shop139/images/Product/121760_square.jpg]
[runecom22.runtime.vn/Uploads/shop139/images/Product/133787_square.jpg]
[runecom22.runtime.vn/Uploads/shop139/images/Product/100251_fashion.jpg]
[runecom22.runtime.vn/Uploads/shop139/images/Product/131951_0_fashion_1.jpg]
[runecom22.runtime.vn/Uploads/shop139/images/Product/130745_fashion.jpg]
[runecom22.runtime.vn/Uploads/shop139/images/Product/57752_0_fashion.jpg]
[runecom22.runtime.vn/Uploads/shop139/images/Product/113599_0_fashion_1.jpg]
[runecom22.runtime.vn/index9ba9.html]
[runecom22.runtime.vn/content/hoi-dap.html]
[runecom22.runtime.vn/content/quy-che-hoat-dong.html]
[runecom22.runtime.vn/content/tuyen-dung.html]
[runecom22.runtime.vn/content/huong-dan-thanh-toan.html]
[runecom22.runtime.vn/content/quy-dinh-doi-tra.html]
[runecom22.runtime.vn/content/chinh-sach-ban-hang.html]
[runecom22.runtime.vn/content/chinh-sach-bao-mat.html]
[runecom22.runtime.vn/content/quy-dinh-thao-luan.html]
[runecom22.runtime.vn/Scripts/bootstrap/fonts/glyphicons-halflings-regular.svg]
[runecom22.runtime.vn/App_Themes/Home/fonts/fontawesome-webfont5b62.svg]
[runecom22.runtime.vn/App_Themes/Home/fonts/iCielBambola.html]
[runecom22.runtime.vn/Popover requires tooltip.html]
[runecom22.runtime.vn/a,b,c.html]
[runecom22.runtime.vn/e.html]
[runecom22.runtime.vn/k.html]
[runecom22.runtime.vn/a.html]
[runecom22.runtime.vn/ABCDEFGHIJKLMNOPQRSTUVWXYZabcdefghijklmnopqrstuvwxyz0123456789+/index.html]
[runecom22.runtime.vn/app/services/orderServices.js]
[runecom22.runtime.vn/app/controllers/orderController.js]
[runecom22.runtime.vn/{{item-2.html]
[runecom22.runtime.vn/thanh-toan.html]
[runecom22.runtime.vn/app/services/accountServices.js]
[runecom22.runtime.vn/app/controllers/accountController.js]
[runecom22.runtime.vn/quen-mat-khau.html]
[runecom22.runtime.vn/san-pham/thoi-trang-nu-3114.html]
[runecom22.runtime.vn/san-pham/vay-nu-3115.html]
[runecom22.runtime.vn/san-pham/quan-nu-3116.html]
[runecom22.runtime.vn/san-pham/ao-thun-nu-3117.html]
[runecom22.runtime.vn/san-pham/ao-so-mi-nu-3118.html]
[runecom22.runtime.vn/san-pham/thoi-trang-nam-3119.html]
[runecom22.runtime.vn/san-pham/quan-jean-nam-3120.html]
[runecom22.runtime.vn/san-pham/quan-short-nam-3121.html]
[runecom22.runtime.vn/san-pham/ao-khoac-nam-3122.html]
[runecom22.runtime.vn/san-pham/ao-thun-nam-3123.html]
[runecom22.runtime.vn/san-pham/ao-so-mi-nam-3124.html]
[runecom22.runtime.vn/san-pham/phu-kien-3125.html]
[runecom22.runtime.vn/san-pham/thoi-trang-tre-em-3126.html]
[runecom22.runtime.vn/{{item-3.html]
[runecom22.runtime.vn/trang-chu2679.html]
[runecom22.runtime.vn/trang-chu4658.html]
[runecom22.runtime.vn/trang-chu9ba9.html]
[runecom22.runtime.vn/gioi-thieu/ve-chung-toi.html]
[runecom22.runtime.vn/gioi-thieu/linh-vuc-hoat-dong.html]
[runecom22.runtime.vn/san-pham2679.html]
[runecom22.runtime.vn/san-pham4658.html]
[runecom22.runtime.vn/san-pham9ba9.html]
[runecom22.runtime.vn/tin-tuc/tin-trong-nuoc.html]
[runecom22.runtime.vn/tin-tuc/tin-quoc-te.html]
[runecom22.runtime.vn/tin-tuc/nhung-phong-cach-dong-khung-cua-sao-viet.html]
[runecom22.runtime.vn/tin-tuc/3-cach-mac-vay-duoc-lang-xe-manh-he-2015.html]
[runecom22.runtime.vn/tin-tuc/minh-hang-goi-cam-trong-vay-khoet-nguc.html]
[runecom22.runtime.vn/tin-tuc/diẽm-my-9x-gọi-ý-vay-ao-cho-mùa-hè.html]
[runecom22.runtime.vn/tin-tuc/nhung-goc-khuat-cua-nghe-stylist-cho-sao-hollywood.html]
[runecom22.runtime.vn/app/services/contactServices.js]
[runecom22.runtime.vn/app/controllers/contactController.js]
[runecom22.runtime.vn/{{shop.html]
[runecom22.runtime.vn/Scripts/flexSlider/fonts/flexslider-icon.svg]
[runecom22.runtime.vn/Scripts/owl-carousel/grabbing.html]
[runecom22.runtime.vn/Scripts/owl-carousel/AjaxLoader.html]
[runecom22.runtime.vn/Scripts/smoothproducts/smoothproducts.css]
[runecom22.runtime.vn/Scripts/smoothproducts/smoothproducts.js]
[runecom22.runtime.vn/app/services/productServices.js]
[runecom22.runtime.vn/app/controllers/productController.js]
[apis.google.com/js/plusone.js]
[tjs.sjs.sinajs.cn/open/api/js/wb.js]
[platform.twitter.com/widgets.js]
[platform.foursquare.com/js/widgets.js]
[runecom22.runtime.vn/scripts/addthis/addthis_widget.js]
[runecom22.runtime.vn/ban-do.html]
[runecom22.runtime.vn/san-pham/ao-khoac-nam-nu-dao-pho-spy.html]
[runecom22.runtime.vn/san-pham/ao-khoac-da-cao-cap.html]
[runecom22.runtime.vn/san-pham/ao-khoac-da-nam-co-tron.html]
[runecom22.runtime.vn/san-pham/ao-so-mi-zara-slim-fit-zsm651-xanh-.html]
[runecom22.runtime.vn/san-pham/so-mi-nam-dai-tay-techbox-xanh-phoi-soc-.html]
[runecom22.runtime.vn/san-pham/ao-so-mi-celio-emabaton-xanh-den-.html]
[runecom22.runtime.vn/san-pham/ao-thun-nam-co-tru-phoi-mau.html]
[runecom22.runtime.vn/san-pham/ao-thun-nam-star.html]
[runecom22.runtime.vn/san-pham/áo-thun-cạp-nam-nu-i’m-here.html]
[runecom22.runtime.vn/san-pham/quan-short-nam-kaki-mau-xanh-reu.html]
[runecom22.runtime.vn/san-pham/quan-short-nam-kaki-cao-cap-l-018.html]
[runecom22.runtime.vn/san-pham/quan-short-jeans-nam-fashion.html]
[runecom22.runtime.vn/san-pham/ba-lo-canh-thien-than-kooler.html]
[runecom22.runtime.vn/san-pham/dong-ho-nam-day-da-ca-tinh.html]
[runecom22.runtime.vn/san-pham/tui-deo-cheo-dao-pho-sanh-dieu.html]
[runecom22.runtime.vn/san-pham/tui-nam-deo-cheo-chat-lieu-gia-da-cao-cap.html]
[runecom22.runtime.vn/san-pham/combo-2-mat-kinh-trang-guong-ca-tinh.html]
[runecom22.runtime.vn/san-pham/combo-2-non-ket-thoi-trang-cho-be-trai.html]
[runecom22.runtime.vn/san-pham/ao-khoac-hinh-khi-ngo-nghinh-cho-be-trai.html]
[runecom22.runtime.vn/san-pham/set-quan-yem-+-ao-thun-xuan-he-dang-yeu-cho-be.html]
[runecom22.runtime.vn/san-pham/bo-do-tay-dai-hoa-tiet-3d-cho-be-trai.html]
[runecom22.runtime.vn/san-pham/ao-choang-che-nang-cho-be.html]
[runecom22.runtime.vn/san-pham/combo-3-quan-legging-don-sac-cho-be.html]
[runecom22.runtime.vn/content/{{item.html]
[runecom22.runtime.vn/content/{{item-2.html]
[runecom22.runtime.vn/Captchab73c.html]
[runecom22.runtime.vn/gioi-thieu/{{item.html]
[m.addthisedge.com/live/t00/ohd41d.html]
[runecom22.runtime.vn/search/indexd41d.html]
[runecom22.runtime.vn/searchd41d.html]
[tjs.sjs.sinajs.cn/open/api/js/wb.js]
[cf.addthis.com/red/pfb5a.png]
[runecom22.runtime.vn/san-pham/{{item.ProductCode}}.html]
[runecom22.runtime.vn/san-pham/{{item.html]
[runecom22.runtime.vn/scripts/addthis/api/js/wb.html]
[runecom22.runtime.vn/scripts/addthis/OAUTH_LOGIN_URL.html]
[runecom22.runtime.vn/san-pham/{{item-2.html]
[runecom22.runtime.vn/tin-tuc/{{item.html]
[runecom22.runtime.vn/san-pham/www.addthis.com/index.html]
[runecom22.runtime.vn/san-pham/profile5445.html]
[runecom22.runtime.vn/san-pham/addthis_widget.html]
